// Jest Snapshot v1, https://goo.gl/fbAQLP

exports[`Sign in Successfully 1`] = `[Function]`;
